ERROR: something failed
